src/components/layout/Navbar.tsx(1,37): error TS6133: 'X' is declared but its value is never read.
src/components/layout/Navbar.tsx(1,40): error TS6133: 'BookOpen' is declared but its value is never read.
src/components/proctoring/ProctoringUI.tsx(2,31): error TS6133: 'Wifi' is declared but its value is never read.
src/pages/CourseDetails.tsx(33,21): error TS6133: 'data' is declared but its value is never read.
src/pages/Dashboard.tsx(1,10): error TS6133: 'LayoutDashboard' is declared but its value is never read.
src/pages/Dashboard.tsx(8,22): error TS2307: Cannot find module 'canvas-confetti' or its corresponding type declarations.
src/pages/Profile.tsx(20,23): error TS1484: 'UserProfile' is a type and must be imported using a type-only import when 'verbatimModuleSyntax' is enabled.
